[2026-04-28 15:21:20] [System] [SERVER ONLINE]
[2026-04-28 15:26:01] [System] [User 'Arra' connected]
[2026-04-28 15:26:05] [User] [[Arra]: hello]
[2026-04-28 15:26:07] [User] [[Arra]: yes]
[2026-04-28 15:30:57] [System] [User 'Alin' connected]
[2026-04-28 15:30:59] [User] [[Alin]: Hei]
[2026-04-28 15:31:05] [User] [[Arra]: yas]
[2026-04-28 15:31:54] [User] [[Arra]: tes]
[2026-04-28 15:32:31] [System] [User 'Arra' disconnected]
[2026-04-28 15:33:20] [Admin] [RPC_GET_USERS]
[2026-04-28 15:33:27] [Admin] [RPC_GET_USERS]
[2026-04-28 15:33:29] [Admin] [RPC_GET_UPTIME]
[2026-04-28 15:33:36] [Admin] [RPC_SHUTDOWN]
[2026-04-28 15:33:36] [System] [EMERGENCY SHUTDOWN INITIATED]
[2026-04-28 15:37:47] [System] [SERVER ONLINE]
[2026-04-28 15:38:58] [System] [SERVER ONLINE]
[2026-04-28 15:39:23] [System] [User 'Alice' connected]
[2026-04-28 15:39:31] [System] [User 'Lain' connected]
[2026-04-28 15:39:40] [User] [[Lain]: hey]
[2026-04-28 15:39:45] [User] [[Alice]: kenapa]
[2026-04-28 15:40:00] [User] [[Lain]: besok kita gulingkan rezim ya]
[2026-04-28 15:40:25] [User] [[Alice]: ide bagus, kebetulan lagi merencanakan kerusuhan]
[2026-04-28 15:41:00] [User] [[Lain]: wkwkwk mmg sehati kita ini]
[2026-04-28 15:41:13] [User] [[Lain]: ketemu dmn]
[2026-04-28 15:41:26] [User] [[Alice]: okejelas"]
[2026-04-28 16:08:32] [System] [User 'Alice' disconnected]
[2026-04-28 16:08:38] [User] [[Lain]: aku pengenn/exit]
[2026-04-28 16:08:41] [User] [[Lain]: ]
[2026-04-28 16:08:47] [System] [User 'Lain' disconnected]
[2026-04-28 16:09:05] [System] [SERVER ONLINE]
[2026-04-28 16:09:20] [System] [User 'Alice' connected]
[2026-04-28 16:09:29] [System] [User 'Lain' connected]
[2026-04-28 16:09:33] [User] [[Lain]: Tes]
[2026-04-28 16:09:40] [User] [[Alice]: Masuk kok]
[2026-04-28 16:09:50] [User] [[Lain]: mAsoke]
[2026-04-28 16:13:36] [System] [User 'Lain' disconnected]
[2026-04-28 16:13:40] [System] [User 'Alice' disconnected]
[2026-04-28 16:13:59] [System] [SERVER ONLINE]
[2026-04-28 16:14:08] [System] [User 'Kei' connected]
[2026-04-28 16:14:17] [System] [User 'Bro' connected]
[2026-04-28 16:14:19] [User] [[Bro]: Hai kei]
[2026-04-28 16:14:27] [User] [[Bro]: what u doin]
[2026-04-28 16:20:49] [System] [User 'Bro' disconnected]
[2026-04-28 16:20:53] [User] [[Kei]: hello/exit]
[2026-04-28 16:21:02] [System] [User 'Kei' disconnected]
[2026-04-28 16:21:12] [System] [SERVER ONLINE]
[2026-04-28 16:21:21] [System] [User 'Alice' connected]
[2026-04-28 16:21:26] [System] [User 'Lain' connected]
[2026-04-28 16:21:36] [User] [[Alice]: HAIII]
[2026-04-28 16:21:52] [User] [[Lain]: Hellow]
[2026-04-28 16:25:18] [System] [User 'Lain' disconnected]
[2026-04-28 16:25:23] [User] [[Alice]: WHACHU DOIn]
[2026-04-28 16:25:26] [System] [User 'Alice' disconnected]
